
> inventorydashboard@0.0.0 test
> vitest run


[1m[30m[46m RUN [49m[39m[22m [36mv4.1.5 [39m[90mC:/Users/Admin/Desktop/InventoryDashboard[39m

 [32mΓ£ô[39m src/api.test.ts [2m([22m[2m4 tests[22m[2m)[22m[32m 21[2mms[22m[39m
 [32mΓ£ô[39m src/utils.test.ts [2m([22m[2m9 tests[22m[2m)[22m[32m 55[2mms[22m[39m
 [32mΓ£ô[39m src/components/VehicleTable.test.tsx [2m([22m[2m4 tests[22m[2m)[22m[33m 419[2mms[22m[39m
 [31mΓ¥»[39m src/components/FilterBar.test.tsx [2m([22m[2m6 tests[22m[2m | [22m[31m1 failed[39m[2m)[22m[33m 829[2mms[22m[39m
     [32mΓ£ô[39m renders statistics cards correctly[32m 106[2mms[22m[39m
     [32mΓ£ô[39m renders filter controls with correct initial values[32m 219[2mms[22m[39m
[31m     [31m├ù[31m calls onChange when dealership ID changes[39m[32m 191[2mms[22m[39m
     [32mΓ£ô[39m calls onChange when make changes[32m 106[2mms[22m[39m
     [32mΓ£ô[39m calls onChange when model changes[32m 162[2mms[22m[39m
     [32mΓ£ô[39m calls onChange when aging toggle is clicked[32m 41[2mms[22m[39m
 [32mΓ£ô[39m src/components/ActionModal.test.tsx [2m([22m[2m5 tests[22m[2m)[22m[33m 1139[2mms[22m[39m
     [33m[2mΓ£ô[22m[39m calls onSubmit with new status and note [33m 702[2mms[22m[39m
 [31mΓ¥»[39m src/components/Dashboard.test.tsx [2m([22m[2m6 tests[22m[2m | [22m[31m1 failed[39m[2m)[22m[33m 1334[2mms[22m[39m
     [32mΓ£ô[39m renders dashboard header and loading state initially[32m 146[2mms[22m[39m
[31m     [31m├ù[31m renders vehicles after successful fetch[39m[32m 130[2mms[22m[39m
     [32mΓ£ô[39m handles API error[32m 42[2mms[22m[39m
     [33m[2mΓ£ô[22m[39m opens ActionModal when edit is clicked [33m 396[2mms[22m[39m
     [33m[2mΓ£ô[22m[39m submits action from modal and invalidates query [33m 423[2mms[22m[39m
     [32mΓ£ô[39m paginates vehicles correctly[32m 193[2mms[22m[39m
node.exe : 
At line:1 char:1
+ & "D:\software\nodejs/node.exe" "C:\Users\Admin\AppData\Roaming\npm/n ...
+ ~~~~~~~~~~~~~~~~~~~~~~~~~~~~~~~~~~~~~~~~~~~~~~~~~~~~~~~~~~~~~~~~~~~~~
    + CategoryInfo          : NotSpecified: (:String) [], RemoteException
    + FullyQualifiedErrorId : NativeCommandError
 
[31mΓÄ»ΓÄ»ΓÄ»ΓÄ»ΓÄ»ΓÄ»ΓÄ»[39m[1m[41m Failed Tests 2 [49m[22m[31mΓÄ»ΓÄ»ΓÄ»ΓÄ»ΓÄ»ΓÄ»ΓÄ»[39m

[41m[1m FAIL [22m[49m src/components/Dashboard.test.tsx[2m > [22mDashboard[2m > [22mrenders vehicles after 
successful fetch

[2m Test Files [22m [1m[31m2 failed[39m[22m[2m | [22m[1m[32m4 passed[39m[22m[90m (6)[39m
[2m      Tests [22m [1m[31m2 failed[39m[22m[2m | [22m[1m[32m32 passed[39m[22m[90m (34)[39m
[2m   Start at [22m 21:39:37
[2m   Duration [22m 5.72s[2m (transform 340ms, setup 3.65s, import 1.35s, tests 3.80s, environment 17.70s)[22m

[31m[1mError[22m: Invalid Chai property: nextElementSibling[39m
[36m [2mΓ¥»[22m src/components/Dashboard.test.tsx:[2m90:47[22m[39m
    [90m 88|[39m
    [90m 89|[39m     [90m// Check stats update[39m
    [90m 90|[39m     expect(screen.getByText('Total Vehicles')).nextElementSibling?.texΓÇª
    [90m   |[39m                                               [31m^[39m
    [90m 91|[39m   })[33m;[39m
    [90m 92|[39m

[31m[2mΓÄ»ΓÄ»ΓÄ»ΓÄ»ΓÄ»ΓÄ»ΓÄ»ΓÄ»ΓÄ»ΓÄ»ΓÄ»ΓÄ»ΓÄ»ΓÄ»ΓÄ»ΓÄ»ΓÄ»ΓÄ»ΓÄ»ΓÄ»ΓÄ»ΓÄ»ΓÄ»ΓÄ»[1/2]ΓÄ»[22m[39m

[41m[1m FAIL [22m[49m src/components/FilterBar.test.tsx[2m > [22mFilterBar[2m > [22mcalls onChange when 
dealership ID changes
[31m[1mAssertionError[22m: expected "vi.fn()" to be called with arguments: [ Array(1) ][90m

Received:

[1m  1st vi.fn() call:

[22m[2m  [[22m
[2m    {[22m
[2m      "agingOnly": false,[22m
[32m-     "dealershipId": 55,[90m
[31m+     "dealershipId": 42,[90m
[2m      "make": "",[22m
[2m      "model": "",[22m
[2m    },[22m
[2m  ][22m

[1m  2nd vi.fn() call:

[22m[2m  [[22m
[2m    {[22m
[2m      "agingOnly": false,[22m
[32m-     "dealershipId": 55,[90m
[31m+     "dealershipId": 425,[90m
[2m      "make": "",[22m
[2m      "model": "",[22m
[2m    },[22m
[2m  ][22m

[1m  3rd vi.fn() call:

[22m[2m  [[22m
[2m    {[22m
[2m      "agingOnly": false,[22m
[32m-     "dealershipId": 55,[90m
[31m+     "dealershipId": 425,[90m
[2m      "make": "",[22m
[2m      "model": "",[22m
[2m    },[22m
[2m  ][22m
[31m[90m

Number of calls: [1m3[22m
[31m[39m
[36m [2mΓ¥»[22m src/components/FilterBar.test.tsx:[2m60:26[22m[39m
    [90m 58|[39m     [35mawait[39m userEvent[33m.[39m[34mtype[39m(dealershipInput[33m,[39m 
[32m'55'[39m)[33m;[39m
    [90m 59|[39m
    [90m 60|[39m     [34mexpect[39m(onChangeMock)[33m.[39m[34mtoHaveBeenCalledWith[39m({
    [90m   |[39m                          [31m^[39m
    [90m 61|[39m       [33m...[39mdefaultFilters[33m,[39m
    [90m 62|[39m       dealershipId[33m:[39m [34m55[39m[33m,[39m

[31m[2mΓÄ»ΓÄ»ΓÄ»ΓÄ»ΓÄ»ΓÄ»ΓÄ»ΓÄ»ΓÄ»ΓÄ»ΓÄ»ΓÄ»ΓÄ»ΓÄ»ΓÄ»ΓÄ»ΓÄ»ΓÄ»ΓÄ»ΓÄ»ΓÄ»ΓÄ»ΓÄ»ΓÄ»[2/2]ΓÄ»[22m[39m

